Archive member included to satisfy reference by file (symbol)

c:/program files (x86)/atmel/studio/7.0/toolchain/avr8/avr8-gnu-toolchain/bin/../lib/gcc/avr/5.4.0/avr5\libgcc.a(_exit.o)
                              C:/Program Files (x86)/Atmel/Studio/7.0/Packs/atmel/ATmega_DFP/1.2.150/gcc/dev/atmega32/avr5/crtatmega32.o (exit)
c:/program files (x86)/atmel/studio/7.0/toolchain/avr8/avr8-gnu-toolchain/bin/../lib/gcc/avr/5.4.0/avr5\libgcc.a(_copy_data.o)
                              lib/KPD_Prog.o (__do_copy_data)
c:/program files (x86)/atmel/studio/7.0/toolchain/avr8/avr8-gnu-toolchain/bin/../lib/gcc/avr/5.4.0/avr5\libgcc.a(_clear_bss.o)
                              lib/croutine.o (__do_clear_bss)
c:/program files (x86)/atmel/studio/7.0/toolchain/avr8/avr8-gnu-toolchain/bin/../lib/gcc/avr/5.4.0/../../../../avr/lib/avr5\libc.a(memcpy.o)
                              lib/queue.o (memcpy)
c:/program files (x86)/atmel/studio/7.0/toolchain/avr8/avr8-gnu-toolchain/bin/../lib/gcc/avr/5.4.0/../../../../avr/lib/avr5\libc.a(memset.o)
                              lib/tasks.o (memset)
c:/program files (x86)/atmel/studio/7.0/toolchain/avr8/avr8-gnu-toolchain/bin/../lib/gcc/avr/5.4.0/../../../../avr/lib/avr5\libc.a(strncpy.o)
                              lib/tasks.o (strncpy)

Allocating common symbols
Common symbol       size              file

previousstate       0x1               lib/LED_program.o

Discarded input sections

 .data          0x00000000        0x0 C:/Program Files (x86)/Atmel/Studio/7.0/Packs/atmel/ATmega_DFP/1.2.150/gcc/dev/atmega32/avr5/crtatmega32.o
 .bss           0x00000000        0x0 C:/Program Files (x86)/Atmel/Studio/7.0/Packs/atmel/ATmega_DFP/1.2.150/gcc/dev/atmega32/avr5/crtatmega32.o
 .text          0x00000000        0x0 lib/croutine.o
 .data          0x00000000        0x0 lib/croutine.o
 .bss           0x00000000        0x0 lib/croutine.o
 .text.xCoRoutineCreate
                0x00000000       0xf0 lib/croutine.o
 .text.vCoRoutineAddToDelayedList
                0x00000000       0x86 lib/croutine.o
 .text.vCoRoutineSchedule
                0x00000000      0x274 lib/croutine.o
 .text.xCoRoutineRemoveFromEventList
                0x00000000       0x4a lib/croutine.o
 .bss.xPassedTicks
                0x00000000        0x2 lib/croutine.o
 .bss.xLastTickCount
                0x00000000        0x2 lib/croutine.o
 .bss.xCoRoutineTickCount
                0x00000000        0x2 lib/croutine.o
 .bss.uxTopCoRoutineReadyPriority
                0x00000000        0x1 lib/croutine.o
 .bss.pxCurrentCoRoutine
                0x00000000        0x2 lib/croutine.o
 .bss.xPendingReadyCoRoutineList
                0x00000000        0x9 lib/croutine.o
 .bss.pxOverflowDelayedCoRoutineList
                0x00000000        0x2 lib/croutine.o
 .bss.pxDelayedCoRoutineList
                0x00000000        0x2 lib/croutine.o
 .bss.xDelayedCoRoutineList2
                0x00000000        0x9 lib/croutine.o
 .bss.xDelayedCoRoutineList1
                0x00000000        0x9 lib/croutine.o
 .bss.pxReadyCoRoutineLists
                0x00000000       0x12 lib/croutine.o
 .debug_info    0x00000000      0x774 lib/croutine.o
 .debug_abbrev  0x00000000      0x232 lib/croutine.o
 .debug_loc     0x00000000      0x3eb lib/croutine.o
 .debug_aranges
                0x00000000       0x38 lib/croutine.o
 .debug_ranges  0x00000000       0x28 lib/croutine.o
 .debug_line    0x00000000      0x2ab lib/croutine.o
 .debug_str     0x00000000      0x54e lib/croutine.o
 .comment       0x00000000       0x31 lib/croutine.o
 .debug_frame   0x00000000       0xc0 lib/croutine.o
 .text          0x00000000        0x0 lib/DIO_Prog.o
 .data          0x00000000        0x0 lib/DIO_Prog.o
 .bss           0x00000000        0x0 lib/DIO_Prog.o
 .text.DIO_VidGetPinVal
                0x00000000       0x68 lib/DIO_Prog.o
 .text.DIO_VidGetPortVal
                0x00000000       0x30 lib/DIO_Prog.o
 .text          0x00000000        0x0 lib/heap_1.o
 .data          0x00000000        0x0 lib/heap_1.o
 .bss           0x00000000        0x0 lib/heap_1.o
 .text.vPortInitialiseBlocks
                0x00000000        0xa lib/heap_1.o
 .text.xPortGetFreeHeapSize
                0x00000000       0x12 lib/heap_1.o
 .text          0x00000000        0x0 lib/KPD_Prog.o
 .data          0x00000000        0x0 lib/KPD_Prog.o
 .bss           0x00000000        0x0 lib/KPD_Prog.o
 .text          0x00000000        0x0 lib/LED_program.o
 .data          0x00000000        0x0 lib/LED_program.o
 .bss           0x00000000        0x0 lib/LED_program.o
 COMMON         0x00000000        0x1 lib/LED_program.o
 .text          0x00000000        0x0 lib/list.o
 .data          0x00000000        0x0 lib/list.o
 .bss           0x00000000        0x0 lib/list.o
 .text          0x00000000        0x0 lib/port.o
 .data          0x00000000        0x0 lib/port.o
 .bss           0x00000000        0x0 lib/port.o
 .text.vPortEndScheduler
                0x00000000        0x2 lib/port.o
 .text          0x00000000        0x0 lib/queue.o
 .data          0x00000000        0x0 lib/queue.o
 .bss           0x00000000        0x0 lib/queue.o
 .text.prvCopyDataToQueue
                0x00000000       0x82 lib/queue.o
 .text.prvCopyDataFromQueue
                0x00000000       0x34 lib/queue.o
 .text.prvUnlockQueue
                0x00000000       0x94 lib/queue.o
 .text.xQueueCreate
                0x00000000       0xa0 lib/queue.o
 .text.xQueueGenericSend
                0x00000000      0x134 lib/queue.o
 .text.xQueueGenericSendFromISR
                0x00000000       0x58 lib/queue.o
 .text.xQueueGenericReceive
                0x00000000      0x158 lib/queue.o
 .text.xQueueReceiveFromISR
                0x00000000       0x5a lib/queue.o
 .text.uxQueueMessagesWaiting
                0x00000000       0x10 lib/queue.o
 .text.uxQueueMessagesWaitingFromISR
                0x00000000        0x6 lib/queue.o
 .text.vQueueDelete
                0x00000000       0x1a lib/queue.o
 .text.xQueueIsQueueEmptyFromISR
                0x00000000        0xc lib/queue.o
 .text.xQueueIsQueueFullFromISR
                0x00000000        0xe lib/queue.o
 .debug_info    0x00000000      0xc1d lib/queue.o
 .debug_abbrev  0x00000000      0x22c lib/queue.o
 .debug_loc     0x00000000      0xc58 lib/queue.o
 .debug_aranges
                0x00000000       0x80 lib/queue.o
 .debug_ranges  0x00000000       0x70 lib/queue.o
 .debug_line    0x00000000      0x609 lib/queue.o
 .debug_str     0x00000000      0x60d lib/queue.o
 .comment       0x00000000       0x31 lib/queue.o
 .debug_frame   0x00000000      0x1e0 lib/queue.o
 .text          0x00000000        0x0 lib/tasks.o
 .data          0x00000000        0x0 lib/tasks.o
 .bss           0x00000000        0x0 lib/tasks.o
 .text.vTaskDelete
                0x00000000       0x92 lib/tasks.o
 .text.vTaskEndScheduler
                0x00000000        0xc lib/tasks.o
 .text.xTaskGetTickCount
                0x00000000       0x14 lib/tasks.o
 .text.xTaskGetTickCountFromISR
                0x00000000        0xa lib/tasks.o
 .text.uxTaskGetNumberOfTasks
                0x00000000        0x6 lib/tasks.o
 .text.vTaskDelayUntil
                0x00000000       0x94 lib/tasks.o
 .text.vTaskPlaceOnEventList
                0x00000000       0x3a lib/tasks.o
 .text.xTaskRemoveFromEventList
                0x00000000       0x8a lib/tasks.o
 .text.vTaskSetTimeOutState
                0x00000000       0x16 lib/tasks.o
 .text.xTaskCheckForTimeOut
                0x00000000       0x6e lib/tasks.o
 .text.vTaskMissedYield
                0x00000000        0x8 lib/tasks.o
 .text          0x00000000        0x0 lib/timers.o
 .data          0x00000000        0x0 lib/timers.o
 .bss           0x00000000        0x0 lib/timers.o
 .debug_info    0x00000000       0x6b lib/timers.o
 .debug_abbrev  0x00000000       0x26 lib/timers.o
 .debug_aranges
                0x00000000       0x18 lib/timers.o
 .debug_line    0x00000000       0x1a lib/timers.o
 .debug_str     0x00000000      0x1a4 lib/timers.o
 .comment       0x00000000       0x31 lib/timers.o
 .text          0x00000000        0x0 src/main.o
 .data          0x00000000        0x0 src/main.o
 .bss           0x00000000        0x0 src/main.o
 .text          0x00000000        0x0 c:/program files (x86)/atmel/studio/7.0/toolchain/avr8/avr8-gnu-toolchain/bin/../lib/gcc/avr/5.4.0/avr5\libgcc.a(_exit.o)
 .data          0x00000000        0x0 c:/program files (x86)/atmel/studio/7.0/toolchain/avr8/avr8-gnu-toolchain/bin/../lib/gcc/avr/5.4.0/avr5\libgcc.a(_exit.o)
 .bss           0x00000000        0x0 c:/program files (x86)/atmel/studio/7.0/toolchain/avr8/avr8-gnu-toolchain/bin/../lib/gcc/avr/5.4.0/avr5\libgcc.a(_exit.o)
 .text.libgcc.mul
                0x00000000        0x0 c:/program files (x86)/atmel/studio/7.0/toolchain/avr8/avr8-gnu-toolchain/bin/../lib/gcc/avr/5.4.0/avr5\libgcc.a(_exit.o)
 .text.libgcc.div
                0x00000000        0x0 c:/program files (x86)/atmel/studio/7.0/toolchain/avr8/avr8-gnu-toolchain/bin/../lib/gcc/avr/5.4.0/avr5\libgcc.a(_exit.o)
 .text.libgcc   0x00000000        0x0 c:/program files (x86)/atmel/studio/7.0/toolchain/avr8/avr8-gnu-toolchain/bin/../lib/gcc/avr/5.4.0/avr5\libgcc.a(_exit.o)
 .text.libgcc.prologue
                0x00000000        0x0 c:/program files (x86)/atmel/studio/7.0/toolchain/avr8/avr8-gnu-toolchain/bin/../lib/gcc/avr/5.4.0/avr5\libgcc.a(_exit.o)
 .text.libgcc.builtins
                0x00000000        0x0 c:/program files (x86)/atmel/studio/7.0/toolchain/avr8/avr8-gnu-toolchain/bin/../lib/gcc/avr/5.4.0/avr5\libgcc.a(_exit.o)
 .text.libgcc.fmul
                0x00000000        0x0 c:/program files (x86)/atmel/studio/7.0/toolchain/avr8/avr8-gnu-toolchain/bin/../lib/gcc/avr/5.4.0/avr5\libgcc.a(_exit.o)
 .text.libgcc.fixed
                0x00000000        0x0 c:/program files (x86)/atmel/studio/7.0/toolchain/avr8/avr8-gnu-toolchain/bin/../lib/gcc/avr/5.4.0/avr5\libgcc.a(_exit.o)
 .text          0x00000000        0x0 c:/program files (x86)/atmel/studio/7.0/toolchain/avr8/avr8-gnu-toolchain/bin/../lib/gcc/avr/5.4.0/avr5\libgcc.a(_copy_data.o)
 .data          0x00000000        0x0 c:/program files (x86)/atmel/studio/7.0/toolchain/avr8/avr8-gnu-toolchain/bin/../lib/gcc/avr/5.4.0/avr5\libgcc.a(_copy_data.o)
 .bss           0x00000000        0x0 c:/program files (x86)/atmel/studio/7.0/toolchain/avr8/avr8-gnu-toolchain/bin/../lib/gcc/avr/5.4.0/avr5\libgcc.a(_copy_data.o)
 .text.libgcc.mul
                0x00000000        0x0 c:/program files (x86)/atmel/studio/7.0/toolchain/avr8/avr8-gnu-toolchain/bin/../lib/gcc/avr/5.4.0/avr5\libgcc.a(_copy_data.o)
 .text.libgcc.div
                0x00000000        0x0 c:/program files (x86)/atmel/studio/7.0/toolchain/avr8/avr8-gnu-toolchain/bin/../lib/gcc/avr/5.4.0/avr5\libgcc.a(_copy_data.o)
 .text.libgcc   0x00000000        0x0 c:/program files (x86)/atmel/studio/7.0/toolchain/avr8/avr8-gnu-toolchain/bin/../lib/gcc/avr/5.4.0/avr5\libgcc.a(_copy_data.o)
 .text.libgcc.prologue
                0x00000000        0x0 c:/program files (x86)/atmel/studio/7.0/toolchain/avr8/avr8-gnu-toolchain/bin/../lib/gcc/avr/5.4.0/avr5\libgcc.a(_copy_data.o)
 .text.libgcc.builtins
                0x00000000        0x0 c:/program files (x86)/atmel/studio/7.0/toolchain/avr8/avr8-gnu-toolchain/bin/../lib/gcc/avr/5.4.0/avr5\libgcc.a(_copy_data.o)
 .text.libgcc.fmul
                0x00000000        0x0 c:/program files (x86)/atmel/studio/7.0/toolchain/avr8/avr8-gnu-toolchain/bin/../lib/gcc/avr/5.4.0/avr5\libgcc.a(_copy_data.o)
 .text.libgcc.fixed
                0x00000000        0x0 c:/program files (x86)/atmel/studio/7.0/toolchain/avr8/avr8-gnu-toolchain/bin/../lib/gcc/avr/5.4.0/avr5\libgcc.a(_copy_data.o)
 .text          0x00000000        0x0 c:/program files (x86)/atmel/studio/7.0/toolchain/avr8/avr8-gnu-toolchain/bin/../lib/gcc/avr/5.4.0/avr5\libgcc.a(_clear_bss.o)
 .data          0x00000000        0x0 c:/program files (x86)/atmel/studio/7.0/toolchain/avr8/avr8-gnu-toolchain/bin/../lib/gcc/avr/5.4.0/avr5\libgcc.a(_clear_bss.o)
 .bss           0x00000000        0x0 c:/program files (x86)/atmel/studio/7.0/toolchain/avr8/avr8-gnu-toolchain/bin/../lib/gcc/avr/5.4.0/avr5\libgcc.a(_clear_bss.o)
 .text.libgcc.mul
                0x00000000        0x0 c:/program files (x86)/atmel/studio/7.0/toolchain/avr8/avr8-gnu-toolchain/bin/../lib/gcc/avr/5.4.0/avr5\libgcc.a(_clear_bss.o)
 .text.libgcc.div
                0x00000000        0x0 c:/program files (x86)/atmel/studio/7.0/toolchain/avr8/avr8-gnu-toolchain/bin/../lib/gcc/avr/5.4.0/avr5\libgcc.a(_clear_bss.o)
 .text.libgcc   0x00000000        0x0 c:/program files (x86)/atmel/studio/7.0/toolchain/avr8/avr8-gnu-toolchain/bin/../lib/gcc/avr/5.4.0/avr5\libgcc.a(_clear_bss.o)
 .text.libgcc.prologue
                0x00000000        0x0 c:/program files (x86)/atmel/studio/7.0/toolchain/avr8/avr8-gnu-toolchain/bin/../lib/gcc/avr/5.4.0/avr5\libgcc.a(_clear_bss.o)
 .text.libgcc.builtins
                0x00000000        0x0 c:/program files (x86)/atmel/studio/7.0/toolchain/avr8/avr8-gnu-toolchain/bin/../lib/gcc/avr/5.4.0/avr5\libgcc.a(_clear_bss.o)
 .text.libgcc.fmul
                0x00000000        0x0 c:/program files (x86)/atmel/studio/7.0/toolchain/avr8/avr8-gnu-toolchain/bin/../lib/gcc/avr/5.4.0/avr5\libgcc.a(_clear_bss.o)
 .text.libgcc.fixed
                0x00000000        0x0 c:/program files (x86)/atmel/studio/7.0/toolchain/avr8/avr8-gnu-toolchain/bin/../lib/gcc/avr/5.4.0/avr5\libgcc.a(_clear_bss.o)
 .text          0x00000000        0x0 c:/program files (x86)/atmel/studio/7.0/toolchain/avr8/avr8-gnu-toolchain/bin/../lib/gcc/avr/5.4.0/../../../../avr/lib/avr5\libc.a(memcpy.o)
 .data          0x00000000        0x0 c:/program files (x86)/atmel/studio/7.0/toolchain/avr8/avr8-gnu-toolchain/bin/../lib/gcc/avr/5.4.0/../../../../avr/lib/avr5\libc.a(memcpy.o)
 .bss           0x00000000        0x0 c:/program files (x86)/atmel/studio/7.0/toolchain/avr8/avr8-gnu-toolchain/bin/../lib/gcc/avr/5.4.0/../../../../avr/lib/avr5\libc.a(memcpy.o)
 .text.avr-libc
                0x00000000       0x12 c:/program files (x86)/atmel/studio/7.0/toolchain/avr8/avr8-gnu-toolchain/bin/../lib/gcc/avr/5.4.0/../../../../avr/lib/avr5\libc.a(memcpy.o)
 .text          0x00000000        0x0 c:/program files (x86)/atmel/studio/7.0/toolchain/avr8/avr8-gnu-toolchain/bin/../lib/gcc/avr/5.4.0/../../../../avr/lib/avr5\libc.a(memset.o)
 .data          0x00000000        0x0 c:/program files (x86)/atmel/studio/7.0/toolchain/avr8/avr8-gnu-toolchain/bin/../lib/gcc/avr/5.4.0/../../../../avr/lib/avr5\libc.a(memset.o)
 .bss           0x00000000        0x0 c:/program files (x86)/atmel/studio/7.0/toolchain/avr8/avr8-gnu-toolchain/bin/../lib/gcc/avr/5.4.0/../../../../avr/lib/avr5\libc.a(memset.o)
 .text          0x00000000        0x0 c:/program files (x86)/atmel/studio/7.0/toolchain/avr8/avr8-gnu-toolchain/bin/../lib/gcc/avr/5.4.0/../../../../avr/lib/avr5\libc.a(strncpy.o)
 .data          0x00000000        0x0 c:/program files (x86)/atmel/studio/7.0/toolchain/avr8/avr8-gnu-toolchain/bin/../lib/gcc/avr/5.4.0/../../../../avr/lib/avr5\libc.a(strncpy.o)
 .bss           0x00000000        0x0 c:/program files (x86)/atmel/studio/7.0/toolchain/avr8/avr8-gnu-toolchain/bin/../lib/gcc/avr/5.4.0/../../../../avr/lib/avr5\libc.a(strncpy.o)

Memory Configuration

Name             Origin             Length             Attributes
text             0x00000000         0x00020000         xr
data             0x00800060         0x0000ffa0         rw !x
eeprom           0x00810000         0x00010000         rw !x
fuse             0x00820000         0x00000002         rw !x
lock             0x00830000         0x00000400         rw !x
signature        0x00840000         0x00000400         rw !x
user_signatures  0x00850000         0x00000400         rw !x
*default*        0x00000000         0xffffffff

Linker script and memory map

LOAD C:/Program Files (x86)/Atmel/Studio/7.0/Packs/atmel/ATmega_DFP/1.2.150/gcc/dev/atmega32/avr5/crtatmega32.o
LOAD lib/croutine.o
LOAD lib/DIO_Prog.o
LOAD lib/heap_1.o
LOAD lib/KPD_Prog.o
LOAD lib/LED_program.o
LOAD lib/list.o
LOAD lib/port.o
LOAD lib/queue.o
LOAD lib/tasks.o
LOAD lib/timers.o
LOAD src/main.o
START GROUP
LOAD c:/program files (x86)/atmel/studio/7.0/toolchain/avr8/avr8-gnu-toolchain/bin/../lib/gcc/avr/5.4.0/../../../../avr/lib/avr5\libm.a
END GROUP
START GROUP
LOAD c:/program files (x86)/atmel/studio/7.0/toolchain/avr8/avr8-gnu-toolchain/bin/../lib/gcc/avr/5.4.0/avr5\libgcc.a
LOAD c:/program files (x86)/atmel/studio/7.0/toolchain/avr8/avr8-gnu-toolchain/bin/../lib/gcc/avr/5.4.0/../../../../avr/lib/avr5\libm.a
LOAD c:/program files (x86)/atmel/studio/7.0/toolchain/avr8/avr8-gnu-toolchain/bin/../lib/gcc/avr/5.4.0/../../../../avr/lib/avr5\libc.a
LOAD C:/Program Files (x86)/Atmel/Studio/7.0/Packs/atmel/ATmega_DFP/1.2.150/gcc/dev/atmega32/avr5\libatmega32.a
END GROUP
                0x00020000                __TEXT_REGION_LENGTH__ = DEFINED (__TEXT_REGION_LENGTH__)?__TEXT_REGION_LENGTH__:0x20000
                0x0000ffa0                __DATA_REGION_LENGTH__ = DEFINED (__DATA_REGION_LENGTH__)?__DATA_REGION_LENGTH__:0xffa0
                0x00010000                __EEPROM_REGION_LENGTH__ = DEFINED (__EEPROM_REGION_LENGTH__)?__EEPROM_REGION_LENGTH__:0x10000
                [0x00000002]                __FUSE_REGION_LENGTH__ = DEFINED (__FUSE_REGION_LENGTH__)?__FUSE_REGION_LENGTH__:0x400
                0x00000400                __LOCK_REGION_LENGTH__ = DEFINED (__LOCK_REGION_LENGTH__)?__LOCK_REGION_LENGTH__:0x400
                0x00000400                __SIGNATURE_REGION_LENGTH__ = DEFINED (__SIGNATURE_REGION_LENGTH__)?__SIGNATURE_REGION_LENGTH__:0x400
                0x00000400                __USER_SIGNATURE_REGION_LENGTH__ = DEFINED (__USER_SIGNATURE_REGION_LENGTH__)?__USER_SIGNATURE_REGION_LENGTH__:0x400

.hash
 *(.hash)

.dynsym
 *(.dynsym)

.dynstr
 *(.dynstr)

.gnu.version
 *(.gnu.version)

.gnu.version_d
 *(.gnu.version_d)

.gnu.version_r
 *(.gnu.version_r)

.rel.init
 *(.rel.init)

.rela.init
 *(.rela.init)

.rel.text
 *(.rel.text)
 *(.rel.text.*)
 *(.rel.gnu.linkonce.t*)

.rela.text
 *(.rela.text)
 *(.rela.text.*)
 *(.rela.gnu.linkonce.t*)

.rel.fini
 *(.rel.fini)

.rela.fini
 *(.rela.fini)

.rel.rodata
 *(.rel.rodata)
 *(.rel.rodata.*)
 *(.rel.gnu.linkonce.r*)

.rela.rodata
 *(.rela.rodata)
 *(.rela.rodata.*)
 *(.rela.gnu.linkonce.r*)

.rel.data
 *(.rel.data)
 *(.rel.data.*)
 *(.rel.gnu.linkonce.d*)

.rela.data
 *(.rela.data)
 *(.rela.data.*)
 *(.rela.gnu.linkonce.d*)

.rel.ctors
 *(.rel.ctors)

.rela.ctors
 *(.rela.ctors)

.rel.dtors
 *(.rel.dtors)

.rela.dtors
 *(.rela.dtors)

.rel.got
 *(.rel.got)

.rela.got
 *(.rela.got)

.rel.bss
 *(.rel.bss)

.rela.bss
 *(.rela.bss)

.rel.plt
 *(.rel.plt)

.rela.plt
 *(.rela.plt)

.text           0x00000000     0x1078
 *(.vectors)
 .vectors       0x00000000       0x54 C:/Program Files (x86)/Atmel/Studio/7.0/Packs/atmel/ATmega_DFP/1.2.150/gcc/dev/atmega32/avr5/crtatmega32.o
                0x00000000                __vector_default
                0x00000000                __vectors
 *(.vectors)
 *(.progmem.gcc*)
                0x00000054                . = ALIGN (0x2)
                0x00000054                __trampolines_start = .
 *(.trampolines)
 .trampolines   0x00000054        0x0 linker stubs
 *(.trampolines*)
                0x00000054                __trampolines_end = .
 *libprintf_flt.a:*(.progmem.data)
 *libc.a:*(.progmem.data)
 *(.progmem*)
                0x00000054                . = ALIGN (0x2)
 *(.jumptables)
 *(.jumptables*)
 *(.lowtext)
 *(.lowtext*)
                0x00000054                __ctors_start = .
 *(.ctors)
                0x00000054                __ctors_end = .
                0x00000054                __dtors_start = .
 *(.dtors)
                0x00000054                __dtors_end = .
 SORT(*)(.ctors)
 SORT(*)(.dtors)
 *(.init0)
 .init0         0x00000054        0x0 C:/Program Files (x86)/Atmel/Studio/7.0/Packs/atmel/ATmega_DFP/1.2.150/gcc/dev/atmega32/avr5/crtatmega32.o
                0x00000054                __init
 *(.init0)
 *(.init1)
 *(.init1)
 *(.init2)
 .init2         0x00000054        0xc C:/Program Files (x86)/Atmel/Studio/7.0/Packs/atmel/ATmega_DFP/1.2.150/gcc/dev/atmega32/avr5/crtatmega32.o
 *(.init2)
 *(.init3)
 *(.init3)
 *(.init4)
 .init4         0x00000060       0x16 c:/program files (x86)/atmel/studio/7.0/toolchain/avr8/avr8-gnu-toolchain/bin/../lib/gcc/avr/5.4.0/avr5\libgcc.a(_copy_data.o)
                0x00000060                __do_copy_data
 .init4         0x00000076       0x10 c:/program files (x86)/atmel/studio/7.0/toolchain/avr8/avr8-gnu-toolchain/bin/../lib/gcc/avr/5.4.0/avr5\libgcc.a(_clear_bss.o)
                0x00000076                __do_clear_bss
 *(.init4)
 *(.init5)
 *(.init5)
 *(.init6)
 *(.init6)
 *(.init7)
 *(.init7)
 *(.init8)
 *(.init8)
 *(.init9)
 .init9         0x00000086        0x8 C:/Program Files (x86)/Atmel/Studio/7.0/Packs/atmel/ATmega_DFP/1.2.150/gcc/dev/atmega32/avr5/crtatmega32.o
 *(.init9)
 *(.text)
 .text          0x0000008e        0x4 C:/Program Files (x86)/Atmel/Studio/7.0/Packs/atmel/ATmega_DFP/1.2.150/gcc/dev/atmega32/avr5/crtatmega32.o
                0x0000008e                __vector_1
                0x0000008e                __vector_12
                0x0000008e                __bad_interrupt
                0x0000008e                __vector_6
                0x0000008e                __vector_3
                0x0000008e                __vector_11
                0x0000008e                __vector_13
                0x0000008e                __vector_17
                0x0000008e                __vector_19
                0x0000008e                __vector_5
                0x0000008e                __vector_4
                0x0000008e                __vector_9
                0x0000008e                __vector_2
                0x0000008e                __vector_15
                0x0000008e                __vector_8
                0x0000008e                __vector_14
                0x0000008e                __vector_10
                0x0000008e                __vector_16
                0x0000008e                __vector_18
                0x0000008e                __vector_20
                0x00000092                . = ALIGN (0x2)
 *(.text.*)
 .text.DIO_VidSetPinDir
                0x00000092       0xe0 lib/DIO_Prog.o
                0x00000092                DIO_VidSetPinDir
 .text.DIO_VidSetPinVal
                0x00000172       0xe0 lib/DIO_Prog.o
                0x00000172                DIO_VidSetPinVal
 .text.DIO_u8GetPinValue
                0x00000252       0x64 lib/DIO_Prog.o
                0x00000252                DIO_u8GetPinValue
 .text.DIO_VidSetPortDir
                0x000002b6       0x50 lib/DIO_Prog.o
                0x000002b6                DIO_VidSetPortDir
 .text.DIO_VidSetPortVal
                0x00000306       0x20 lib/DIO_Prog.o
                0x00000306                DIO_VidSetPortVal
 .text.pvPortMalloc
                0x00000326       0x4c lib/heap_1.o
                0x00000326                pvPortMalloc
 .text.vPortFree
                0x00000372        0x2 lib/heap_1.o
                0x00000372                vPortFree
 .text.KPD_GetPressedKey
                0x00000374       0x66 lib/KPD_Prog.o
                0x00000374                KPD_GetPressedKey
 .text.KPD_vidInit
                0x000003da       0x7a lib/KPD_Prog.o
                0x000003da                KPD_vidInit
 .text.LED_vidInit
                0x00000454        0xa lib/LED_program.o
                0x00000454                LED_vidInit
 .text.LED_vidActivatePattern
                0x0000045e       0xd4 lib/LED_program.o
                0x0000045e                LED_vidActivatePattern
 .text.vListInitialise
                0x00000532       0x1c lib/list.o
                0x00000532                vListInitialise
 .text.vListInitialiseItem
                0x0000054e        0x8 lib/list.o
                0x0000054e                vListInitialiseItem
 .text.vListInsertEnd
                0x00000556       0x4e lib/list.o
                0x00000556                vListInsertEnd
 .text.vListInsert
                0x000005a4       0x76 lib/list.o
                0x000005a4                vListInsert
 .text.vListRemove
                0x0000061a       0x4c lib/list.o
                0x0000061a                vListRemove
 .text.pxPortInitialiseStack
                0x00000666       0xd8 lib/port.o
                0x00000666                pxPortInitialiseStack
 .text.xPortStartScheduler
                0x0000073e       0x6a lib/port.o
                0x0000073e                xPortStartScheduler
 .text.vPortYield
                0x000007a8       0xb2 lib/port.o
                0x000007a8                vPortYield
 .text.vPortYieldFromTick
                0x0000085a       0xb6 lib/port.o
                0x0000085a                vPortYieldFromTick
 .text.__vector_7
                0x00000910        0x6 lib/port.o
                0x00000910                __vector_7
 .text.prvAddCurrentTaskToDelayedList
                0x00000916       0x6e lib/tasks.o
 .text.xTaskGenericCreate
                0x00000984      0x212 lib/tasks.o
                0x00000984                xTaskGenericCreate
 .text.vTaskStartScheduler
                0x00000b96       0x56 lib/tasks.o
                0x00000b96                vTaskStartScheduler
 .text.vTaskSuspendAll
                0x00000bec        0xc lib/tasks.o
                0x00000bec                vTaskSuspendAll
 .text.vTaskIncrementTick
                0x00000bf8      0x188 lib/tasks.o
                0x00000bf8                vTaskIncrementTick
 .text.xTaskResumeAll
                0x00000d80      0x10c lib/tasks.o
                0x00000d80                xTaskResumeAll
 .text.vTaskDelay
                0x00000e8c       0x40 lib/tasks.o
                0x00000e8c                vTaskDelay
 .text.prvIdleTask
                0x00000ecc       0x60 lib/tasks.o
 .text.vTaskSwitchContext
                0x00000f2c       0xd8 lib/tasks.o
                0x00000f2c                vTaskSwitchContext
 .text.main     0x00001004       0x44 src/main.o
                0x00001004                main
 .text.avr-libc
                0x00001048        0xe c:/program files (x86)/atmel/studio/7.0/toolchain/avr8/avr8-gnu-toolchain/bin/../lib/gcc/avr/5.4.0/../../../../avr/lib/avr5\libc.a(memset.o)
                0x00001048                memset
 .text.avr-libc
                0x00001056       0x1e c:/program files (x86)/atmel/studio/7.0/toolchain/avr8/avr8-gnu-toolchain/bin/../lib/gcc/avr/5.4.0/../../../../avr/lib/avr5\libc.a(strncpy.o)
                0x00001056                strncpy
                0x00001074                . = ALIGN (0x2)
 *(.fini9)
 .fini9         0x00001074        0x0 c:/program files (x86)/atmel/studio/7.0/toolchain/avr8/avr8-gnu-toolchain/bin/../lib/gcc/avr/5.4.0/avr5\libgcc.a(_exit.o)
                0x00001074                _exit
                0x00001074                exit
 *(.fini9)
 *(.fini8)
 *(.fini8)
 *(.fini7)
 *(.fini7)
 *(.fini6)
 *(.fini6)
 *(.fini5)
 *(.fini5)
 *(.fini4)
 *(.fini4)
 *(.fini3)
 *(.fini3)
 *(.fini2)
 *(.fini2)
 *(.fini1)
 *(.fini1)
 *(.fini0)
 .fini0         0x00001074        0x4 c:/program files (x86)/atmel/studio/7.0/toolchain/avr8/avr8-gnu-toolchain/bin/../lib/gcc/avr/5.4.0/avr5\libgcc.a(_exit.o)
 *(.fini0)
                0x00001078                _etext = .

.data           0x00800060      0x2ac load address 0x00001078
                0x00800060                PROVIDE (__data_start, .)
 *(.data)
 *(.data*)
 .data.NumberOfPatterns
                0x00800060        0x1 lib/LED_program.o
                0x00800060                NumberOfPatterns
 .data.patterns
                0x00800061      0x294 lib/LED_program.o
                0x00800061                patterns
 .data.xNextTaskUnblockTime
                0x008002f5        0x2 lib/tasks.o
 *(.gnu.linkonce.d*)
 *(.rodata)
 *(.rodata*)
 .rodata.KPD_au8SwitchVal
                0x008002f7       0x10 lib/KPD_Prog.o
                0x008002f7                KPD_au8SwitchVal
 .rodata.str1.1
                0x00800307        0x5 lib/tasks.o
 *(.gnu.linkonce.r*)
                0x0080030c                . = ALIGN (0x2)
                0x0080030c                _edata = .
                0x0080030c                PROVIDE (__data_end, .)

.bss            0x0080030c      0x452
                0x0080030c                PROVIDE (__bss_start, .)
 *(.bss)
 *(.bss*)
 .bss.xNextFreeByte
                0x0080030c        0x2 lib/heap_1.o
 .bss.xHeap     0x0080030e      0x3e8 lib/heap_1.o
 .bss.key       0x008006f6        0x1 lib/KPD_Prog.o
                0x008006f6                key
 .bss.i.1859    0x008006f7        0x1 lib/LED_program.o
 .bss.localcounter.1860
                0x008006f8        0x2 lib/LED_program.o
 .bss.currentstate
                0x008006fa        0x1 lib/LED_program.o
                0x008006fa                currentstate
 .bss.uxTaskNumber
                0x008006fb        0x1 lib/tasks.o
 .bss.xNumOfOverflows
                0x008006fc        0x1 lib/tasks.o
 .bss.xMissedYield
                0x008006fd        0x1 lib/tasks.o
 .bss.uxMissedTicks
                0x008006fe        0x1 lib/tasks.o
 .bss.uxSchedulerSuspended
                0x008006ff        0x1 lib/tasks.o
 .bss.xSchedulerRunning
                0x00800700        0x1 lib/tasks.o
 .bss.uxTopReadyPriority
                0x00800701        0x1 lib/tasks.o
 .bss.uxTopUsedPriority
                0x00800702        0x1 lib/tasks.o
 .bss.xTickCount
                0x00800703        0x2 lib/tasks.o
 .bss.uxCurrentNumberOfTasks
                0x00800705        0x1 lib/tasks.o
 .bss.uxTasksDeleted
                0x00800706        0x1 lib/tasks.o
 .bss.xTasksWaitingTermination
                0x00800707        0x9 lib/tasks.o
 .bss.xPendingReadyList
                0x00800710        0x9 lib/tasks.o
 .bss.pxOverflowDelayedTaskList
                0x00800719        0x2 lib/tasks.o
 .bss.pxDelayedTaskList
                0x0080071b        0x2 lib/tasks.o
 .bss.xDelayedTaskList2
                0x0080071d        0x9 lib/tasks.o
 .bss.xDelayedTaskList1
                0x00800726        0x9 lib/tasks.o
 .bss.pxReadyTasksLists
                0x0080072f       0x2d lib/tasks.o
 .bss.pxCurrentTCB
                0x0080075c        0x2 lib/tasks.o
                0x0080075c                pxCurrentTCB
 *(COMMON)
                0x0080075e                PROVIDE (__bss_end, .)
                0x00001078                __data_load_start = LOADADDR (.data)
                0x00001324                __data_load_end = (__data_load_start + SIZEOF (.data))

.noinit         0x0080075e        0x0
                [!provide]                PROVIDE (__noinit_start, .)
 *(.noinit*)
                [!provide]                PROVIDE (__noinit_end, .)
                0x0080075e                _end = .
                [!provide]                PROVIDE (__heap_start, .)

.eeprom         0x00810000        0x0
 *(.eeprom*)
                0x00810000                __eeprom_end = .

.fuse
 *(.fuse)
 *(.lfuse)
 *(.hfuse)
 *(.efuse)

.lock
 *(.lock*)

.signature
 *(.signature*)

.user_signatures
 *(.user_signatures*)

.stab
 *(.stab)

.stabstr
 *(.stabstr)

.stab.excl
 *(.stab.excl)

.stab.exclstr
 *(.stab.exclstr)

.stab.index
 *(.stab.index)

.stab.indexstr
 *(.stab.indexstr)

.comment        0x00000000       0x30
 *(.comment)
 .comment       0x00000000       0x30 lib/DIO_Prog.o
                                 0x31 (size before relaxing)
 .comment       0x00000030       0x31 lib/heap_1.o
 .comment       0x00000030       0x31 lib/KPD_Prog.o
 .comment       0x00000030       0x31 lib/LED_program.o
 .comment       0x00000030       0x31 lib/list.o
 .comment       0x00000030       0x31 lib/port.o
 .comment       0x00000030       0x31 lib/tasks.o
 .comment       0x00000030       0x31 src/main.o

.note.gnu.avr.deviceinfo
                0x00000000       0x3c
 .note.gnu.avr.deviceinfo
                0x00000000       0x3c C:/Program Files (x86)/Atmel/Studio/7.0/Packs/atmel/ATmega_DFP/1.2.150/gcc/dev/atmega32/avr5/crtatmega32.o

.note.gnu.build-id
 *(.note.gnu.build-id)

.debug
 *(.debug)

.line
 *(.line)

.debug_srcinfo
 *(.debug_srcinfo)

.debug_sfnames
 *(.debug_sfnames)

.debug_aranges  0x00000000      0x238
 *(.debug_aranges)
 .debug_aranges
                0x00000000       0x50 lib/DIO_Prog.o
 .debug_aranges
                0x00000050       0x38 lib/heap_1.o
 .debug_aranges
                0x00000088       0x28 lib/KPD_Prog.o
 .debug_aranges
                0x000000b0       0x28 lib/LED_program.o
 .debug_aranges
                0x000000d8       0x40 lib/list.o
 .debug_aranges
                0x00000118       0x48 lib/port.o
 .debug_aranges
                0x00000160       0xb8 lib/tasks.o
 .debug_aranges
                0x00000218       0x20 src/main.o

.debug_pubnames
 *(.debug_pubnames)

.debug_info     0x00000000     0x2774
 *(.debug_info .gnu.linkonce.wi.*)
 .debug_info    0x00000000      0x4e6 C:/Program Files (x86)/Atmel/Studio/7.0/Packs/atmel/ATmega_DFP/1.2.150/gcc/dev/atmega32/avr5/crtatmega32.o
 .debug_info    0x000004e6      0x29d lib/DIO_Prog.o
 .debug_info    0x00000783      0x1a7 lib/heap_1.o
 .debug_info    0x0000092a      0x3f0 lib/KPD_Prog.o
 .debug_info    0x00000d1a      0x2b5 lib/LED_program.o
 .debug_info    0x00000fcf      0x2c1 lib/list.o
 .debug_info    0x00001290      0x23e lib/port.o
 .debug_info    0x000014ce     0x10f6 lib/tasks.o
 .debug_info    0x000025c4      0x1b0 src/main.o

.debug_abbrev   0x00000000      0xef9
 *(.debug_abbrev)
 .debug_abbrev  0x00000000      0x4a3 C:/Program Files (x86)/Atmel/Studio/7.0/Packs/atmel/ATmega_DFP/1.2.150/gcc/dev/atmega32/avr5/crtatmega32.o
 .debug_abbrev  0x000004a3       0xca lib/DIO_Prog.o
 .debug_abbrev  0x0000056d      0x136 lib/heap_1.o
 .debug_abbrev  0x000006a3      0x137 lib/KPD_Prog.o
 .debug_abbrev  0x000007da      0x161 lib/LED_program.o
 .debug_abbrev  0x0000093b       0xf6 lib/list.o
 .debug_abbrev  0x00000a31      0x155 lib/port.o
 .debug_abbrev  0x00000b86      0x2e0 lib/tasks.o
 .debug_abbrev  0x00000e66       0x93 src/main.o

.debug_line     0x00000000     0x1366
 *(.debug_line .debug_line.* .debug_line_end)
 .debug_line    0x00000000      0x115 C:/Program Files (x86)/Atmel/Studio/7.0/Packs/atmel/ATmega_DFP/1.2.150/gcc/dev/atmega32/avr5/crtatmega32.o
 .debug_line    0x00000115      0x22f lib/DIO_Prog.o
 .debug_line    0x00000344      0x133 lib/heap_1.o
 .debug_line    0x00000477      0x11e lib/KPD_Prog.o
 .debug_line    0x00000595      0x109 lib/LED_program.o
 .debug_line    0x0000069e      0x16a lib/list.o
 .debug_line    0x00000808      0x28a lib/port.o
 .debug_line    0x00000a92      0x843 lib/tasks.o
 .debug_line    0x000012d5       0x91 src/main.o

.debug_frame    0x00000000      0x4d0
 *(.debug_frame)
 .debug_frame   0x00000000       0x84 lib/DIO_Prog.o
 .debug_frame   0x00000084       0x60 lib/heap_1.o
 .debug_frame   0x000000e4       0x34 lib/KPD_Prog.o
 .debug_frame   0x00000118       0x34 lib/LED_program.o
 .debug_frame   0x0000014c       0x7c lib/list.o
 .debug_frame   0x000001c8       0x74 lib/port.o
 .debug_frame   0x0000023c      0x270 lib/tasks.o
 .debug_frame   0x000004ac       0x24 src/main.o

.debug_str      0x00000000      0xe43
 *(.debug_str)
 .debug_str     0x00000000      0x196 C:/Program Files (x86)/Atmel/Studio/7.0/Packs/atmel/ATmega_DFP/1.2.150/gcc/dev/atmega32/avr5/crtatmega32.o
 .debug_str     0x00000196      0x29a lib/DIO_Prog.o
                                0x2c8 (size before relaxing)
 .debug_str     0x00000430       0xc4 lib/heap_1.o
                                0x24f (size before relaxing)
 .debug_str     0x000004f4       0xa0 lib/KPD_Prog.o
                                0x2c3 (size before relaxing)
 .debug_str     0x00000594      0x113 lib/LED_program.o
                                0x32f (size before relaxing)
 .debug_str     0x000006a7      0x139 lib/list.o
                                0x2b7 (size before relaxing)
 .debug_str     0x000007e0      0x106 lib/port.o
                                0x2b4 (size before relaxing)
 .debug_str     0x000008e6      0x54a lib/tasks.o
                                0x8af (size before relaxing)
 .debug_str     0x00000e30       0x13 src/main.o
                                0x209 (size before relaxing)

.debug_loc      0x00000000     0x1539
 *(.debug_loc)
 .debug_loc     0x00000000      0x408 lib/DIO_Prog.o
 .debug_loc     0x00000408       0xf1 lib/heap_1.o
 .debug_loc     0x000004f9       0x3e lib/KPD_Prog.o
 .debug_loc     0x00000537       0x26 lib/LED_program.o
 .debug_loc     0x0000055d       0xfe lib/list.o
 .debug_loc     0x0000065b      0x2a0 lib/port.o
 .debug_loc     0x000008fb      0xc3e lib/tasks.o

.debug_macinfo
 *(.debug_macinfo)

.debug_weaknames
 *(.debug_weaknames)

.debug_funcnames
 *(.debug_funcnames)

.debug_typenames
 *(.debug_typenames)

.debug_varnames
 *(.debug_varnames)

.debug_pubtypes
 *(.debug_pubtypes)

.debug_ranges   0x00000000      0x1e8
 *(.debug_ranges)
 .debug_ranges  0x00000000       0x40 lib/DIO_Prog.o
 .debug_ranges  0x00000040       0x28 lib/heap_1.o
 .debug_ranges  0x00000068       0x18 lib/KPD_Prog.o
 .debug_ranges  0x00000080       0x18 lib/LED_program.o
 .debug_ranges  0x00000098       0x30 lib/list.o
 .debug_ranges  0x000000c8       0x38 lib/port.o
 .debug_ranges  0x00000100       0xd8 lib/tasks.o
 .debug_ranges  0x000001d8       0x10 src/main.o

.debug_macro
 *(.debug_macro)
OUTPUT(GccApplication3.elf elf32-avr)
LOAD linker stubs
